[0.010s] Invoking command in '/ros2_ws/src/build/arm_teleop': CMAKE_PREFIX_PATH=${CMAKE_PREFIX_PATH}:/opt/ros/humble /usr/bin/cmake /ros2_ws/src/arm_teleop -DCMAKE_INSTALL_PREFIX=/ros2_ws/src/install/arm_teleop
[0.327s] -- The C compiler identification is GNU 11.4.0
[0.424s] -- The CXX compiler identification is GNU 11.4.0
[0.433s] -- Detecting C compiler ABI info
[0.499s] -- Detecting C compiler ABI info - done
[0.500s] -- Check for working C compiler: /usr/bin/cc - skipped
[0.501s] -- Detecting C compile features
[0.502s] -- Detecting C compile features - done
[0.504s] -- Detecting CXX compiler ABI info
[0.555s] -- Detecting CXX compiler ABI info - done
[0.557s] -- Check for working CXX compiler: /usr/bin/c++ - skipped
[0.557s] -- Detecting CXX compile features
[0.558s] -- Detecting CXX compile features - done
[0.570s] -- Found ament_cmake: 1.3.14 (/opt/ros/humble/share/ament_cmake/cmake)
[0.750s] -- Found Python3: /usr/bin/python3 (found version "3.10.12") found components: Interpreter 
[0.832s] -- Found rclcpp: 16.0.19 (/opt/ros/humble/share/rclcpp/cmake)
[0.885s] -- Found rosidl_generator_c: 3.1.8 (/opt/ros/humble/share/rosidl_generator_c/cmake)
[0.891s] -- Found rosidl_adapter: 3.1.8 (/opt/ros/humble/share/rosidl_adapter/cmake)
[0.901s] -- Found rosidl_generator_cpp: 3.1.8 (/opt/ros/humble/share/rosidl_generator_cpp/cmake)
[0.922s] -- Using all available rosidl_typesupport_c: rosidl_typesupport_fastrtps_c;rosidl_typesupport_introspection_c
[0.938s] -- Using all available rosidl_typesupport_cpp: rosidl_typesupport_fastrtps_cpp;rosidl_typesupport_introspection_cpp
[0.988s] -- Found rmw_implementation_cmake: 6.1.2 (/opt/ros/humble/share/rmw_implementation_cmake/cmake)
[0.992s] -- Found rmw_fastrtps_cpp: 6.2.10 (/opt/ros/humble/share/rmw_fastrtps_cpp/cmake)
[1.078s] -- Found OpenSSL: /usr/lib/aarch64-linux-gnu/libcrypto.so (found version "3.0.2")  
[1.090s] -- Found FastRTPS: /opt/ros/humble/include  
[1.104s] -- Using RMW implementation 'rmw_fastrtps_cpp' as default
[1.115s] -- Looking for pthread.h
[1.159s] -- Looking for pthread.h - found
[1.159s] -- Performing Test CMAKE_HAVE_LIBC_PTHREAD
[1.203s] -- Performing Test CMAKE_HAVE_LIBC_PTHREAD - Success
[1.204s] -- Found Threads: TRUE  
[1.257s] -- Found sensor_msgs: 4.9.1 (/opt/ros/humble/share/sensor_msgs/cmake)
[1.281s] -- Found odrive_can: 0.0.1 (/ros2_ws/install/odrive_can/share/odrive_can/cmake)
[1.287s] [31mCMake Error at /ros2_ws/install/odrive_can/share/odrive_can/cmake/ament_cmake_export_dependencies-extras.cmake:21 (find_package):
[1.287s]   By not providing "Findservice_msgs.cmake" in CMAKE_MODULE_PATH this project
[1.287s]   has asked CMake to find a package configuration file provided by
[1.287s]   "service_msgs", but CMake did not find one.
[1.287s] 
[1.287s]   Could not find a package configuration file provided by "service_msgs" with
[1.287s]   any of the following names:
[1.287s] 
[1.287s]     service_msgsConfig.cmake
[1.288s]     service_msgs-config.cmake
[1.288s] 
[1.288s]   Add the installation prefix of "service_msgs" to CMAKE_PREFIX_PATH or set
[1.288s]   "service_msgs_DIR" to a directory containing one of the above files.  If
[1.288s]   "service_msgs" provides a separate development package or SDK, be sure it
[1.288s]   has been installed.
[1.288s] Call Stack (most recent call first):
[1.288s]   /ros2_ws/install/odrive_can/share/odrive_can/cmake/odrive_canConfig.cmake:41 (include)
[1.288s]   CMakeLists.txt:12 (find_package)
[1.288s] 
[1.288s] [0m
[1.288s] -- Configuring incomplete, errors occurred!
[1.288s] See also "/ros2_ws/src/build/arm_teleop/CMakeFiles/CMakeOutput.log".
[1.292s] Invoked command in '/ros2_ws/src/build/arm_teleop' returned '1': CMAKE_PREFIX_PATH=${CMAKE_PREFIX_PATH}:/opt/ros/humble /usr/bin/cmake /ros2_ws/src/arm_teleop -DCMAKE_INSTALL_PREFIX=/ros2_ws/src/install/arm_teleop
